TimeQuest Timing Analyzer report for part5
Thu Nov 14 16:33:26 2019
Quartus II 64-Bit Version 13.0.1 Build 232 06/12/2013 Service Pack 1 SJ Web Edition


---------------------
; Table of Contents ;
---------------------
  1. Legal Notice
  2. TimeQuest Timing Analyzer Summary
  3. Parallel Compilation
  4. Clocks
  5. Slow Model Fmax Summary
  6. Slow Model Setup Summary
  7. Slow Model Hold Summary
  8. Slow Model Recovery Summary
  9. Slow Model Removal Summary
 10. Slow Model Minimum Pulse Width Summary
 11. Propagation Delay
 12. Minimum Propagation Delay
 13. Fast Model Setup Summary
 14. Fast Model Hold Summary
 15. Fast Model Recovery Summary
 16. Fast Model Removal Summary
 17. Fast Model Minimum Pulse Width Summary
 18. Propagation Delay
 19. Minimum Propagation Delay
 20. Multicorner Timing Analysis Summary
 21. Progagation Delay
 22. Minimum Progagation Delay
 23. Clock Transfers
 24. Report TCCS
 25. Report RSKM
 26. Unconstrained Paths
 27. TimeQuest Timing Analyzer Messages



----------------
; Legal Notice ;
----------------
Copyright (C) 1991-2013 Altera Corporation
Your use of Altera Corporation's design tools, logic functions 
and other software and tools, and its AMPP partner logic 
functions, and any output files from any of the foregoing 
(including device programming or simulation files), and any 
associated documentation or information are expressly subject 
to the terms and conditions of the Altera Program License 
Subscription Agreement, Altera MegaCore Function License 
Agreement, or other applicable license agreement, including, 
without limitation, that your use is for the sole purpose of 
programming logic devices manufactured by Altera and sold by 
Altera or its authorized distributors.  Please refer to the 
applicable agreement for further details.



+----------------------------------------------------------------------------------------+
; TimeQuest Timing Analyzer Summary                                                      ;
+--------------------+-------------------------------------------------------------------+
; Quartus II Version ; Version 13.0.1 Build 232 06/12/2013 Service Pack 1 SJ Web Edition ;
; Revision Name      ; part5                                                             ;
; Device Family      ; Cyclone II                                                        ;
; Device Name        ; EP2C35F672C6                                                      ;
; Timing Models      ; Final                                                             ;
; Delay Model        ; Combined                                                          ;
; Rise/Fall Delays   ; Unavailable                                                       ;
+--------------------+-------------------------------------------------------------------+


Parallel compilation was disabled, but you have multiple processors available. Enable parallel compilation to reduce compilation time.
+-------------------------------------+
; Parallel Compilation                ;
+----------------------------+--------+
; Processors                 ; Number ;
+----------------------------+--------+
; Number detected on machine ; 8      ;
; Maximum allowed            ; 1      ;
+----------------------------+--------+


----------
; Clocks ;
----------
No clocks to report.


---------------------------
; Slow Model Fmax Summary ;
---------------------------
No paths to report.


----------------------------
; Slow Model Setup Summary ;
----------------------------
No paths to report.


---------------------------
; Slow Model Hold Summary ;
---------------------------
No paths to report.


-------------------------------
; Slow Model Recovery Summary ;
-------------------------------
No paths to report.


------------------------------
; Slow Model Removal Summary ;
------------------------------
No paths to report.


------------------------------------------
; Slow Model Minimum Pulse Width Summary ;
------------------------------------------
No paths to report.


+--------------------------------------------------------------+
; Propagation Delay                                            ;
+------------+-------------+--------+--------+--------+--------+
; Input Port ; Output Port ; RR     ; RF     ; FR     ; FF     ;
+------------+-------------+--------+--------+--------+--------+
; SW[0]      ; HEX6[0]     ; 7.228  ; 7.228  ; 7.228  ; 7.228  ;
; SW[0]      ; HEX6[1]     ; 7.101  ; 7.101  ; 7.101  ; 7.101  ;
; SW[0]      ; HEX6[2]     ;        ; 7.134  ; 7.134  ;        ;
; SW[0]      ; HEX6[3]     ; 7.367  ; 7.367  ; 7.367  ; 7.367  ;
; SW[0]      ; HEX6[4]     ; 7.337  ;        ;        ; 7.337  ;
; SW[0]      ; HEX6[5]     ; 7.341  ;        ;        ; 7.341  ;
; SW[0]      ; HEX6[6]     ; 7.341  ;        ;        ; 7.341  ;
; SW[0]      ; HEX7[0]     ; 9.743  ; 9.403  ; 9.403  ; 9.743  ;
; SW[0]      ; HEX7[1]     ; 9.542  ; 8.567  ; 8.567  ; 9.542  ;
; SW[0]      ; HEX7[2]     ; 9.016  ; 9.176  ; 9.176  ; 9.016  ;
; SW[0]      ; HEX7[3]     ; 9.523  ; 9.387  ; 9.387  ; 9.523  ;
; SW[0]      ; HEX7[4]     ; 9.711  ; 8.736  ; 8.736  ; 9.711  ;
; SW[0]      ; HEX7[5]     ; 9.528  ; 9.688  ; 9.688  ; 9.528  ;
; SW[1]      ; HEX6[0]     ; 11.062 ; 11.062 ; 11.062 ; 11.062 ;
; SW[1]      ; HEX6[1]     ; 10.929 ; 10.929 ; 10.929 ; 10.929 ;
; SW[1]      ; HEX6[2]     ; 10.971 ; 10.971 ; 10.971 ; 10.971 ;
; SW[1]      ; HEX6[3]     ; 11.202 ; 11.202 ; 11.202 ; 11.202 ;
; SW[1]      ; HEX6[4]     ; 11.199 ; 11.199 ; 11.199 ; 11.199 ;
; SW[1]      ; HEX6[5]     ; 11.176 ; 11.176 ; 11.176 ; 11.176 ;
; SW[1]      ; HEX6[6]     ; 11.170 ; 11.170 ; 11.170 ; 11.170 ;
; SW[1]      ; HEX7[0]     ; 10.726 ; 10.239 ; 10.239 ; 10.726 ;
; SW[1]      ; HEX7[1]     ; 9.966  ; 11.112 ; 11.112 ; 9.966  ;
; SW[1]      ; HEX7[2]     ; 10.499 ; 10.463 ; 10.463 ; 10.499 ;
; SW[1]      ; HEX7[3]     ; 10.710 ; 9.915  ; 9.915  ; 10.710 ;
; SW[1]      ; HEX7[4]     ; 10.165 ; 9.370  ; 9.370  ; 10.165 ;
; SW[1]      ; HEX7[5]     ; 11.011 ; 10.216 ; 10.216 ; 11.011 ;
; SW[1]      ; HEX7[6]     ; 9.379  ; 9.109  ; 9.109  ; 9.379  ;
; SW[2]      ; HEX6[0]     ; 13.304 ; 13.304 ; 13.304 ; 13.304 ;
; SW[2]      ; HEX6[1]     ; 13.171 ; 13.171 ; 13.171 ; 13.171 ;
; SW[2]      ; HEX6[2]     ; 13.213 ; 13.213 ; 13.213 ; 13.213 ;
; SW[2]      ; HEX6[3]     ; 13.444 ; 13.444 ; 13.444 ; 13.444 ;
; SW[2]      ; HEX6[4]     ; 13.441 ; 13.441 ; 13.441 ; 13.441 ;
; SW[2]      ; HEX6[5]     ; 13.418 ; 13.418 ; 13.418 ; 13.418 ;
; SW[2]      ; HEX6[6]     ; 13.412 ; 13.412 ; 13.412 ; 13.412 ;
; SW[2]      ; HEX7[0]     ; 10.874 ; 10.387 ; 10.387 ; 10.874 ;
; SW[2]      ; HEX7[1]     ; 10.352 ; 11.260 ; 11.260 ; 10.352 ;
; SW[2]      ; HEX7[2]     ; 10.647 ; 10.611 ; 10.611 ; 10.647 ;
; SW[2]      ; HEX7[3]     ; 10.858 ; 9.928  ; 9.928  ; 10.858 ;
; SW[2]      ; HEX7[4]     ; 10.313 ; 9.610  ; 9.610  ; 10.313 ;
; SW[2]      ; HEX7[5]     ; 11.159 ; 10.229 ; 10.229 ; 11.159 ;
; SW[2]      ; HEX7[6]     ; 9.515  ; 9.515  ; 9.515  ; 9.515  ;
; SW[3]      ; HEX6[0]     ; 15.028 ; 15.028 ; 15.028 ; 15.028 ;
; SW[3]      ; HEX6[1]     ; 14.895 ; 14.895 ; 14.895 ; 14.895 ;
; SW[3]      ; HEX6[2]     ; 14.937 ; 14.937 ; 14.937 ; 14.937 ;
; SW[3]      ; HEX6[3]     ; 15.168 ; 15.168 ; 15.168 ; 15.168 ;
; SW[3]      ; HEX6[4]     ; 15.165 ; 15.165 ; 15.165 ; 15.165 ;
; SW[3]      ; HEX6[5]     ; 15.142 ; 15.142 ; 15.142 ; 15.142 ;
; SW[3]      ; HEX6[6]     ; 15.136 ; 15.136 ; 15.136 ; 15.136 ;
; SW[3]      ; HEX7[0]     ; 11.253 ; 10.766 ; 10.766 ; 11.253 ;
; SW[3]      ; HEX7[1]     ; 10.688 ; 11.639 ; 11.639 ; 10.688 ;
; SW[3]      ; HEX7[2]     ; 11.026 ; 10.990 ; 10.990 ; 11.026 ;
; SW[3]      ; HEX7[3]     ; 11.237 ; 10.362 ; 10.362 ; 11.237 ;
; SW[3]      ; HEX7[4]     ; 10.692 ; 9.993  ; 9.993  ; 10.692 ;
; SW[3]      ; HEX7[5]     ; 11.538 ; 10.663 ; 10.663 ; 11.538 ;
; SW[3]      ; HEX7[6]     ; 9.926  ; 9.926  ; 9.926  ; 9.926  ;
; SW[4]      ; HEX6[0]     ; 17.383 ; 17.383 ; 17.383 ; 17.383 ;
; SW[4]      ; HEX6[1]     ; 17.250 ; 17.250 ; 17.250 ; 17.250 ;
; SW[4]      ; HEX6[2]     ; 17.292 ; 17.292 ; 17.292 ; 17.292 ;
; SW[4]      ; HEX6[3]     ; 17.523 ; 17.523 ; 17.523 ; 17.523 ;
; SW[4]      ; HEX6[4]     ; 17.520 ; 17.520 ; 17.520 ; 17.520 ;
; SW[4]      ; HEX6[5]     ; 17.497 ; 17.497 ; 17.497 ; 17.497 ;
; SW[4]      ; HEX6[6]     ; 17.491 ; 17.491 ; 17.491 ; 17.491 ;
; SW[4]      ; HEX7[0]     ; 10.567 ; 10.567 ; 10.567 ; 10.567 ;
; SW[4]      ; HEX7[1]     ; 11.176 ; 11.227 ; 11.227 ; 11.176 ;
; SW[4]      ; HEX7[2]     ; 10.527 ; 10.578 ; 10.578 ; 10.527 ;
; SW[4]      ; HEX7[3]     ; 10.551 ; 10.551 ; 10.551 ; 10.551 ;
; SW[4]      ; HEX7[4]     ; 10.006 ; 10.006 ; 10.006 ; 10.006 ;
; SW[4]      ; HEX7[5]     ; 10.852 ; 10.852 ; 10.852 ; 10.852 ;
; SW[4]      ; HEX7[6]     ; 10.207 ; 10.207 ; 10.207 ; 10.207 ;
; SW[5]      ; HEX6[0]     ; 19.701 ; 19.701 ; 19.701 ; 19.701 ;
; SW[5]      ; HEX6[1]     ; 19.568 ; 19.568 ; 19.568 ; 19.568 ;
; SW[5]      ; HEX6[2]     ; 19.610 ; 19.610 ; 19.610 ; 19.610 ;
; SW[5]      ; HEX6[3]     ; 19.841 ; 19.841 ; 19.841 ; 19.841 ;
; SW[5]      ; HEX6[4]     ; 19.838 ; 19.838 ; 19.838 ; 19.838 ;
; SW[5]      ; HEX6[5]     ; 19.815 ; 19.815 ; 19.815 ; 19.815 ;
; SW[5]      ; HEX6[6]     ; 19.809 ; 19.809 ; 19.809 ; 19.809 ;
; SW[5]      ; HEX7[0]     ; 10.888 ; 9.814  ; 9.814  ; 10.888 ;
; SW[5]      ; HEX7[1]     ; 10.332 ; 10.451 ; 10.451 ; 10.332 ;
; SW[5]      ; HEX7[2]     ; 10.661 ; 9.802  ; 9.802  ; 10.661 ;
; SW[5]      ; HEX7[3]     ; 10.872 ; 9.798  ; 9.798  ; 10.872 ;
; SW[5]      ; HEX7[4]     ; 10.327 ; 9.253  ; 9.253  ; 10.327 ;
; SW[5]      ; HEX7[5]     ; 11.173 ; 10.099 ; 10.099 ; 11.173 ;
; SW[5]      ; HEX7[6]     ;        ; 9.301  ; 9.301  ;        ;
; SW[6]      ; HEX6[0]     ; 19.250 ; 19.250 ; 19.250 ; 19.250 ;
; SW[6]      ; HEX6[1]     ; 19.117 ; 19.117 ; 19.117 ; 19.117 ;
; SW[6]      ; HEX6[2]     ; 19.159 ; 19.159 ; 19.159 ; 19.159 ;
; SW[6]      ; HEX6[3]     ; 19.390 ; 19.390 ; 19.390 ; 19.390 ;
; SW[6]      ; HEX6[4]     ; 19.387 ; 19.387 ; 19.387 ; 19.387 ;
; SW[6]      ; HEX6[5]     ; 19.364 ; 19.364 ; 19.364 ; 19.364 ;
; SW[6]      ; HEX6[6]     ; 19.358 ; 19.358 ; 19.358 ; 19.358 ;
; SW[6]      ; HEX7[0]     ; 9.811  ; 9.779  ; 9.779  ; 9.811  ;
; SW[6]      ; HEX7[1]     ; 9.798  ; 9.451  ; 9.451  ; 9.798  ;
; SW[6]      ; HEX7[2]     ; 9.584  ; 9.552  ; 9.552  ; 9.584  ;
; SW[6]      ; HEX7[3]     ; 9.795  ; 9.763  ; 9.763  ; 9.795  ;
; SW[6]      ; HEX7[4]     ; 9.218  ; 9.218  ; 9.218  ; 9.218  ;
; SW[6]      ; HEX7[5]     ; 10.096 ; 10.064 ; 10.064 ; 10.096 ;
; SW[6]      ; HEX7[6]     ; 8.311  ; 8.476  ; 8.476  ; 8.311  ;
; SW[7]      ; HEX6[0]     ; 19.965 ; 19.965 ; 19.965 ; 19.965 ;
; SW[7]      ; HEX6[1]     ; 19.832 ; 19.832 ; 19.832 ; 19.832 ;
; SW[7]      ; HEX6[2]     ; 19.874 ; 19.874 ; 19.874 ; 19.874 ;
; SW[7]      ; HEX6[3]     ; 20.105 ; 20.105 ; 20.105 ; 20.105 ;
; SW[7]      ; HEX6[4]     ; 20.102 ; 20.102 ; 20.102 ; 20.102 ;
; SW[7]      ; HEX6[5]     ; 20.079 ; 20.079 ; 20.079 ; 20.079 ;
; SW[7]      ; HEX6[6]     ; 20.073 ; 20.073 ; 20.073 ; 20.073 ;
; SW[7]      ; HEX7[0]     ; 10.742 ; 9.766  ; 9.766  ; 10.742 ;
; SW[7]      ; HEX7[1]     ; 10.527 ;        ;        ; 10.527 ;
; SW[7]      ; HEX7[2]     ; 10.515 ; 9.539  ; 9.539  ; 10.515 ;
; SW[7]      ; HEX7[3]     ; 10.726 ; 9.750  ; 9.750  ; 10.726 ;
; SW[7]      ; HEX7[4]     ; 10.181 ; 9.205  ; 9.205  ; 10.181 ;
; SW[7]      ; HEX7[5]     ; 11.027 ; 10.051 ; 10.051 ; 11.027 ;
; SW[7]      ; HEX7[6]     ;        ; 9.155  ; 9.155  ;        ;
+------------+-------------+--------+--------+--------+--------+


+--------------------------------------------------------------+
; Minimum Propagation Delay                                    ;
+------------+-------------+--------+--------+--------+--------+
; Input Port ; Output Port ; RR     ; RF     ; FR     ; FF     ;
+------------+-------------+--------+--------+--------+--------+
; SW[0]      ; HEX6[0]     ; 7.228  ; 7.228  ; 7.228  ; 7.228  ;
; SW[0]      ; HEX6[1]     ; 7.101  ; 7.101  ; 7.101  ; 7.101  ;
; SW[0]      ; HEX6[2]     ;        ; 7.134  ; 7.134  ;        ;
; SW[0]      ; HEX6[3]     ; 7.367  ; 7.367  ; 7.367  ; 7.367  ;
; SW[0]      ; HEX6[4]     ; 7.337  ;        ;        ; 7.337  ;
; SW[0]      ; HEX6[5]     ; 7.341  ;        ;        ; 7.341  ;
; SW[0]      ; HEX6[6]     ; 7.341  ;        ;        ; 7.341  ;
; SW[0]      ; HEX7[0]     ; 9.243  ; 8.768  ; 8.768  ; 9.243  ;
; SW[0]      ; HEX7[1]     ; 9.542  ; 8.567  ; 8.567  ; 9.542  ;
; SW[0]      ; HEX7[2]     ; 9.016  ; 9.176  ; 9.176  ; 9.016  ;
; SW[0]      ; HEX7[3]     ; 9.227  ; 8.548  ; 8.548  ; 9.227  ;
; SW[0]      ; HEX7[4]     ; 9.711  ; 8.736  ; 8.736  ; 9.711  ;
; SW[0]      ; HEX7[5]     ; 9.528  ; 9.688  ; 9.688  ; 9.528  ;
; SW[1]      ; HEX6[0]     ; 8.534  ; 8.534  ; 8.534  ; 8.534  ;
; SW[1]      ; HEX6[1]     ; 8.408  ; 8.408  ; 8.408  ; 8.408  ;
; SW[1]      ; HEX6[2]     ; 8.443  ; 9.646  ; 9.646  ; 8.443  ;
; SW[1]      ; HEX6[3]     ; 8.676  ; 8.676  ; 8.676  ; 8.676  ;
; SW[1]      ; HEX6[4]     ; 8.672  ; 8.672  ; 8.672  ; 8.672  ;
; SW[1]      ; HEX6[5]     ; 8.648  ; 9.851  ; 9.851  ; 8.648  ;
; SW[1]      ; HEX6[6]     ; 8.649  ; 8.649  ; 8.649  ; 8.649  ;
; SW[1]      ; HEX7[0]     ; 9.093  ; 8.659  ; 8.659  ; 9.093  ;
; SW[1]      ; HEX7[1]     ; 8.846  ; 8.458  ; 8.458  ; 8.846  ;
; SW[1]      ; HEX7[2]     ; 9.197  ; 8.953  ; 8.953  ; 9.197  ;
; SW[1]      ; HEX7[3]     ; 8.310  ; 8.310  ; 8.310  ; 8.310  ;
; SW[1]      ; HEX7[4]     ; 9.370  ; 8.627  ; 8.627  ; 9.370  ;
; SW[1]      ; HEX7[5]     ; 9.320  ; 9.579  ; 9.579  ; 9.320  ;
; SW[1]      ; HEX7[6]     ; 9.243  ; 9.109  ; 9.109  ; 9.243  ;
; SW[2]      ; HEX6[0]     ; 9.469  ; 9.469  ; 9.469  ; 9.469  ;
; SW[2]      ; HEX6[1]     ; 9.340  ; 9.705  ; 9.705  ; 9.340  ;
; SW[2]      ; HEX6[2]     ; 9.375  ; 9.375  ; 9.375  ; 9.375  ;
; SW[2]      ; HEX6[3]     ; 9.607  ; 9.607  ; 9.607  ; 9.607  ;
; SW[2]      ; HEX6[4]     ; 9.609  ; 9.974  ; 9.974  ; 9.609  ;
; SW[2]      ; HEX6[5]     ; 9.586  ; 9.586  ; 9.586  ; 9.586  ;
; SW[2]      ; HEX6[6]     ; 9.582  ; 9.582  ; 9.582  ; 9.582  ;
; SW[2]      ; HEX7[0]     ; 9.144  ; 9.144  ; 9.144  ; 9.144  ;
; SW[2]      ; HEX7[1]     ; 8.994  ; 9.108  ; 9.108  ; 8.994  ;
; SW[2]      ; HEX7[2]     ; 8.917  ; 8.917  ; 8.917  ; 8.917  ;
; SW[2]      ; HEX7[3]     ; 8.621  ; 8.621  ; 8.621  ; 8.621  ;
; SW[2]      ; HEX7[4]     ; 9.091  ; 9.091  ; 9.091  ; 9.091  ;
; SW[2]      ; HEX7[5]     ; 9.041  ; 9.429  ; 9.429  ; 9.041  ;
; SW[2]      ; HEX7[6]     ; 9.395  ; 9.257  ; 9.257  ; 9.395  ;
; SW[3]      ; HEX6[0]     ; 9.148  ; 9.148  ; 9.148  ; 9.148  ;
; SW[3]      ; HEX6[1]     ; 9.015  ; 9.549  ; 9.549  ; 9.015  ;
; SW[3]      ; HEX6[2]     ; 9.057  ; 9.591  ; 9.591  ; 9.057  ;
; SW[3]      ; HEX6[3]     ; 9.288  ; 9.822  ; 9.822  ; 9.288  ;
; SW[3]      ; HEX6[4]     ; 9.285  ; 9.819  ; 9.819  ; 9.285  ;
; SW[3]      ; HEX6[5]     ; 9.262  ; 9.262  ; 9.262  ; 9.262  ;
; SW[3]      ; HEX6[6]     ; 9.790  ; 9.256  ; 9.256  ; 9.790  ;
; SW[3]      ; HEX7[0]     ; 9.024  ; 9.024  ; 9.024  ; 9.024  ;
; SW[3]      ; HEX7[1]     ; 9.373  ; 9.542  ; 9.542  ; 9.373  ;
; SW[3]      ; HEX7[2]     ; 8.797  ; 8.797  ; 8.797  ; 8.797  ;
; SW[3]      ; HEX7[3]     ; 8.273  ; 8.273  ; 8.273  ; 8.273  ;
; SW[3]      ; HEX7[4]     ; 8.463  ; 8.463  ; 8.463  ; 8.463  ;
; SW[3]      ; HEX7[5]     ; 9.309  ; 9.309  ; 9.309  ; 9.309  ;
; SW[3]      ; HEX7[6]     ; 9.803  ; 9.636  ; 9.636  ; 9.803  ;
; SW[4]      ; HEX6[0]     ; 11.200 ; 11.200 ; 11.200 ; 11.200 ;
; SW[4]      ; HEX6[1]     ; 11.067 ; 11.067 ; 11.067 ; 11.067 ;
; SW[4]      ; HEX6[2]     ; 11.109 ; 11.109 ; 11.109 ; 11.109 ;
; SW[4]      ; HEX6[3]     ; 11.340 ; 11.340 ; 11.340 ; 11.340 ;
; SW[4]      ; HEX6[4]     ; 11.337 ; 11.337 ; 11.337 ; 11.337 ;
; SW[4]      ; HEX6[5]     ; 11.314 ; 11.314 ; 11.314 ; 11.314 ;
; SW[4]      ; HEX6[6]     ; 11.308 ; 11.308 ; 11.308 ; 11.308 ;
; SW[4]      ; HEX7[0]     ; 9.262  ; 8.434  ; 8.434  ; 9.262  ;
; SW[4]      ; HEX7[1]     ; 8.687  ; 8.233  ; 8.233  ; 8.687  ;
; SW[4]      ; HEX7[2]     ; 9.136  ; 8.309  ; 8.309  ; 9.136  ;
; SW[4]      ; HEX7[3]     ; 8.479  ; 8.214  ; 8.214  ; 8.479  ;
; SW[4]      ; HEX7[4]     ; 9.251  ; 8.402  ; 8.402  ; 9.251  ;
; SW[4]      ; HEX7[5]     ; 9.204  ; 8.821  ; 8.821  ; 9.204  ;
; SW[4]      ; HEX7[6]     ; 10.207 ; 8.993  ; 8.993  ; 10.207 ;
; SW[5]      ; HEX6[0]     ; 11.427 ; 11.427 ; 11.427 ; 11.427 ;
; SW[5]      ; HEX6[1]     ; 11.294 ; 11.589 ; 11.589 ; 11.294 ;
; SW[5]      ; HEX6[2]     ; 11.336 ; 11.631 ; 11.631 ; 11.336 ;
; SW[5]      ; HEX6[3]     ; 11.567 ; 11.862 ; 11.862 ; 11.567 ;
; SW[5]      ; HEX6[4]     ; 11.564 ; 11.859 ; 11.859 ; 11.564 ;
; SW[5]      ; HEX6[5]     ; 11.541 ; 11.541 ; 11.541 ; 11.541 ;
; SW[5]      ; HEX6[6]     ; 11.830 ; 11.535 ; 11.535 ; 11.830 ;
; SW[5]      ; HEX7[0]     ; 8.393  ; 8.258  ; 8.258  ; 8.393  ;
; SW[5]      ; HEX7[1]     ; 8.192  ; 8.898  ; 8.898  ; 8.192  ;
; SW[5]      ; HEX7[2]     ; 8.490  ; 8.031  ; 8.031  ; 8.490  ;
; SW[5]      ; HEX7[3]     ; 7.944  ; 7.944  ; 7.944  ; 7.944  ;
; SW[5]      ; HEX7[4]     ; 8.361  ; 9.253  ; 9.253  ; 8.361  ;
; SW[5]      ; HEX7[5]     ; 9.207  ; 8.359  ; 8.359  ; 9.207  ;
; SW[5]      ; HEX7[6]     ;        ; 8.477  ; 8.477  ;        ;
; SW[6]      ; HEX6[0]     ; 11.082 ; 11.082 ; 11.082 ; 11.082 ;
; SW[6]      ; HEX6[1]     ; 10.949 ; 10.949 ; 10.949 ; 10.949 ;
; SW[6]      ; HEX6[2]     ; 10.991 ; 10.991 ; 10.991 ; 10.991 ;
; SW[6]      ; HEX6[3]     ; 11.222 ; 11.222 ; 11.222 ; 11.222 ;
; SW[6]      ; HEX6[4]     ; 11.219 ; 11.219 ; 11.219 ; 11.219 ;
; SW[6]      ; HEX6[5]     ; 11.196 ; 11.196 ; 11.196 ; 11.196 ;
; SW[6]      ; HEX6[6]     ; 11.190 ; 11.190 ; 11.190 ; 11.190 ;
; SW[6]      ; HEX7[0]     ; 8.535  ; 8.442  ; 8.442  ; 8.535  ;
; SW[6]      ; HEX7[1]     ; 7.899  ; 7.899  ; 7.899  ; 7.899  ;
; SW[6]      ; HEX7[2]     ; 7.872  ; 8.666  ; 8.666  ; 7.872  ;
; SW[6]      ; HEX7[3]     ; 8.142  ; 9.238  ; 9.238  ; 8.142  ;
; SW[6]      ; HEX7[4]     ; 8.688  ; 8.693  ; 8.693  ; 8.688  ;
; SW[6]      ; HEX7[5]     ; 7.940  ; 8.190  ; 8.190  ; 7.940  ;
; SW[6]      ; HEX7[6]     ; 8.311  ; 8.190  ; 8.190  ; 8.311  ;
; SW[7]      ; HEX6[0]     ; 13.017 ; 13.017 ; 13.017 ; 13.017 ;
; SW[7]      ; HEX6[1]     ; 12.891 ; 12.891 ; 12.891 ; 12.891 ;
; SW[7]      ; HEX6[2]     ; 12.926 ; 12.926 ; 12.926 ; 12.926 ;
; SW[7]      ; HEX6[3]     ; 13.159 ; 13.159 ; 13.159 ; 13.159 ;
; SW[7]      ; HEX6[4]     ; 13.155 ; 13.155 ; 13.155 ; 13.155 ;
; SW[7]      ; HEX6[5]     ; 13.131 ; 13.131 ; 13.131 ; 13.131 ;
; SW[7]      ; HEX6[6]     ; 13.132 ; 13.132 ; 13.132 ; 13.132 ;
; SW[7]      ; HEX7[0]     ; 8.681  ; 9.766  ; 9.766  ; 8.681  ;
; SW[7]      ; HEX7[1]     ; 8.862  ;        ;        ; 8.862  ;
; SW[7]      ; HEX7[2]     ; 8.343  ; 9.539  ; 9.539  ; 8.343  ;
; SW[7]      ; HEX7[3]     ; 8.665  ; 9.750  ; 9.750  ; 8.665  ;
; SW[7]      ; HEX7[4]     ; 9.205  ; 9.205  ; 9.205  ; 9.205  ;
; SW[7]      ; HEX7[5]     ; 8.472  ; 10.051 ; 10.051 ; 8.472  ;
; SW[7]      ; HEX7[6]     ;        ; 8.769  ; 8.769  ;        ;
+------------+-------------+--------+--------+--------+--------+


----------------------------
; Fast Model Setup Summary ;
----------------------------
No paths to report.


---------------------------
; Fast Model Hold Summary ;
---------------------------
No paths to report.


-------------------------------
; Fast Model Recovery Summary ;
-------------------------------
No paths to report.


------------------------------
; Fast Model Removal Summary ;
------------------------------
No paths to report.


------------------------------------------
; Fast Model Minimum Pulse Width Summary ;
------------------------------------------
No paths to report.


+----------------------------------------------------------+
; Propagation Delay                                        ;
+------------+-------------+-------+-------+-------+-------+
; Input Port ; Output Port ; RR    ; RF    ; FR    ; FF    ;
+------------+-------------+-------+-------+-------+-------+
; SW[0]      ; HEX6[0]     ; 3.718 ; 3.718 ; 3.718 ; 3.718 ;
; SW[0]      ; HEX6[1]     ; 3.650 ; 3.650 ; 3.650 ; 3.650 ;
; SW[0]      ; HEX6[2]     ;       ; 3.676 ; 3.676 ;       ;
; SW[0]      ; HEX6[3]     ; 3.827 ; 3.827 ; 3.827 ; 3.827 ;
; SW[0]      ; HEX6[4]     ; 3.826 ;       ;       ; 3.826 ;
; SW[0]      ; HEX6[5]     ; 3.804 ;       ;       ; 3.804 ;
; SW[0]      ; HEX6[6]     ; 3.802 ;       ;       ; 3.802 ;
; SW[0]      ; HEX7[0]     ; 4.842 ; 4.701 ; 4.701 ; 4.842 ;
; SW[0]      ; HEX7[1]     ; 4.766 ; 4.353 ; 4.353 ; 4.766 ;
; SW[0]      ; HEX7[2]     ; 4.508 ; 4.621 ; 4.621 ; 4.508 ;
; SW[0]      ; HEX7[3]     ; 4.742 ; 4.678 ; 4.678 ; 4.742 ;
; SW[0]      ; HEX7[4]     ; 4.821 ; 4.408 ; 4.408 ; 4.821 ;
; SW[0]      ; HEX7[5]     ; 4.715 ; 4.828 ; 4.828 ; 4.715 ;
; SW[1]      ; HEX6[0]     ; 5.395 ; 5.395 ; 5.395 ; 5.395 ;
; SW[1]      ; HEX6[1]     ; 5.316 ; 5.316 ; 5.316 ; 5.316 ;
; SW[1]      ; HEX6[2]     ; 5.348 ; 5.348 ; 5.348 ; 5.348 ;
; SW[1]      ; HEX6[3]     ; 5.498 ; 5.498 ; 5.498 ; 5.498 ;
; SW[1]      ; HEX6[4]     ; 5.494 ; 5.494 ; 5.494 ; 5.494 ;
; SW[1]      ; HEX6[5]     ; 5.472 ; 5.472 ; 5.472 ; 5.472 ;
; SW[1]      ; HEX6[6]     ; 5.469 ; 5.469 ; 5.469 ; 5.469 ;
; SW[1]      ; HEX7[0]     ; 5.256 ; 5.048 ; 5.048 ; 5.256 ;
; SW[1]      ; HEX7[1]     ; 4.942 ; 5.425 ; 5.425 ; 4.942 ;
; SW[1]      ; HEX7[2]     ; 5.176 ; 5.146 ; 5.146 ; 5.176 ;
; SW[1]      ; HEX7[3]     ; 5.233 ; 4.889 ; 4.889 ; 5.233 ;
; SW[1]      ; HEX7[4]     ; 4.995 ; 4.651 ; 4.651 ; 4.995 ;
; SW[1]      ; HEX7[5]     ; 5.383 ; 5.039 ; 5.039 ; 5.383 ;
; SW[1]      ; HEX7[6]     ; 4.696 ; 4.593 ; 4.593 ; 4.696 ;
; SW[2]      ; HEX6[0]     ; 6.374 ; 6.374 ; 6.374 ; 6.374 ;
; SW[2]      ; HEX6[1]     ; 6.295 ; 6.295 ; 6.295 ; 6.295 ;
; SW[2]      ; HEX6[2]     ; 6.327 ; 6.327 ; 6.327 ; 6.327 ;
; SW[2]      ; HEX6[3]     ; 6.477 ; 6.477 ; 6.477 ; 6.477 ;
; SW[2]      ; HEX6[4]     ; 6.473 ; 6.473 ; 6.473 ; 6.473 ;
; SW[2]      ; HEX6[5]     ; 6.451 ; 6.451 ; 6.451 ; 6.451 ;
; SW[2]      ; HEX6[6]     ; 6.448 ; 6.448 ; 6.448 ; 6.448 ;
; SW[2]      ; HEX7[0]     ; 5.319 ; 5.111 ; 5.111 ; 5.319 ;
; SW[2]      ; HEX7[1]     ; 5.087 ; 5.488 ; 5.488 ; 5.087 ;
; SW[2]      ; HEX7[2]     ; 5.239 ; 5.209 ; 5.209 ; 5.239 ;
; SW[2]      ; HEX7[3]     ; 5.296 ; 4.909 ; 4.909 ; 5.296 ;
; SW[2]      ; HEX7[4]     ; 5.058 ; 4.792 ; 4.792 ; 5.058 ;
; SW[2]      ; HEX7[5]     ; 5.446 ; 5.059 ; 5.059 ; 5.446 ;
; SW[2]      ; HEX7[6]     ; 4.746 ; 4.746 ; 4.746 ; 4.746 ;
; SW[3]      ; HEX6[0]     ; 7.142 ; 7.142 ; 7.142 ; 7.142 ;
; SW[3]      ; HEX6[1]     ; 7.063 ; 7.063 ; 7.063 ; 7.063 ;
; SW[3]      ; HEX6[2]     ; 7.095 ; 7.095 ; 7.095 ; 7.095 ;
; SW[3]      ; HEX6[3]     ; 7.245 ; 7.245 ; 7.245 ; 7.245 ;
; SW[3]      ; HEX6[4]     ; 7.241 ; 7.241 ; 7.241 ; 7.241 ;
; SW[3]      ; HEX6[5]     ; 7.219 ; 7.219 ; 7.219 ; 7.219 ;
; SW[3]      ; HEX6[6]     ; 7.216 ; 7.216 ; 7.216 ; 7.216 ;
; SW[3]      ; HEX7[0]     ; 5.521 ; 5.313 ; 5.313 ; 5.521 ;
; SW[3]      ; HEX7[1]     ; 5.286 ; 5.690 ; 5.690 ; 5.286 ;
; SW[3]      ; HEX7[2]     ; 5.441 ; 5.411 ; 5.411 ; 5.441 ;
; SW[3]      ; HEX7[3]     ; 5.498 ; 5.126 ; 5.126 ; 5.498 ;
; SW[3]      ; HEX7[4]     ; 5.260 ; 4.993 ; 4.993 ; 5.260 ;
; SW[3]      ; HEX7[5]     ; 5.648 ; 5.276 ; 5.276 ; 5.648 ;
; SW[3]      ; HEX7[6]     ; 4.954 ; 4.954 ; 4.954 ; 4.954 ;
; SW[4]      ; HEX6[0]     ; 8.122 ; 8.122 ; 8.122 ; 8.122 ;
; SW[4]      ; HEX6[1]     ; 8.043 ; 8.043 ; 8.043 ; 8.043 ;
; SW[4]      ; HEX6[2]     ; 8.075 ; 8.075 ; 8.075 ; 8.075 ;
; SW[4]      ; HEX6[3]     ; 8.225 ; 8.225 ; 8.225 ; 8.225 ;
; SW[4]      ; HEX6[4]     ; 8.221 ; 8.221 ; 8.221 ; 8.221 ;
; SW[4]      ; HEX6[5]     ; 8.199 ; 8.199 ; 8.199 ; 8.199 ;
; SW[4]      ; HEX6[6]     ; 8.196 ; 8.196 ; 8.196 ; 8.196 ;
; SW[4]      ; HEX7[0]     ; 5.221 ; 5.221 ; 5.221 ; 5.221 ;
; SW[4]      ; HEX7[1]     ; 5.483 ; 5.505 ; 5.505 ; 5.483 ;
; SW[4]      ; HEX7[2]     ; 5.204 ; 5.226 ; 5.226 ; 5.204 ;
; SW[4]      ; HEX7[3]     ; 5.198 ; 5.198 ; 5.198 ; 5.198 ;
; SW[4]      ; HEX7[4]     ; 4.960 ; 4.960 ; 4.960 ; 4.960 ;
; SW[4]      ; HEX7[5]     ; 5.348 ; 5.348 ; 5.348 ; 5.348 ;
; SW[4]      ; HEX7[6]     ; 5.083 ; 5.083 ; 5.083 ; 5.083 ;
; SW[5]      ; HEX6[0]     ; 9.140 ; 9.140 ; 9.140 ; 9.140 ;
; SW[5]      ; HEX6[1]     ; 9.061 ; 9.061 ; 9.061 ; 9.061 ;
; SW[5]      ; HEX6[2]     ; 9.093 ; 9.093 ; 9.093 ; 9.093 ;
; SW[5]      ; HEX6[3]     ; 9.243 ; 9.243 ; 9.243 ; 9.243 ;
; SW[5]      ; HEX6[4]     ; 9.239 ; 9.239 ; 9.239 ; 9.239 ;
; SW[5]      ; HEX6[5]     ; 9.217 ; 9.217 ; 9.217 ; 9.217 ;
; SW[5]      ; HEX6[6]     ; 9.214 ; 9.214 ; 9.214 ; 9.214 ;
; SW[5]      ; HEX7[0]     ; 5.350 ; 4.856 ; 4.856 ; 5.350 ;
; SW[5]      ; HEX7[1]     ; 5.087 ; 5.135 ; 5.135 ; 5.087 ;
; SW[5]      ; HEX7[2]     ; 5.270 ; 4.856 ; 4.856 ; 5.270 ;
; SW[5]      ; HEX7[3]     ; 5.327 ; 4.833 ; 4.833 ; 5.327 ;
; SW[5]      ; HEX7[4]     ; 5.089 ; 4.595 ; 4.595 ; 5.089 ;
; SW[5]      ; HEX7[5]     ; 5.477 ; 4.983 ; 4.983 ; 5.477 ;
; SW[5]      ; HEX7[6]     ;       ; 4.677 ; 4.677 ;       ;
; SW[6]      ; HEX6[0]     ; 8.909 ; 8.909 ; 8.909 ; 8.909 ;
; SW[6]      ; HEX6[1]     ; 8.830 ; 8.830 ; 8.830 ; 8.830 ;
; SW[6]      ; HEX6[2]     ; 8.862 ; 8.862 ; 8.862 ; 8.862 ;
; SW[6]      ; HEX6[3]     ; 9.012 ; 9.012 ; 9.012 ; 9.012 ;
; SW[6]      ; HEX6[4]     ; 9.008 ; 9.008 ; 9.008 ; 9.008 ;
; SW[6]      ; HEX6[5]     ; 8.986 ; 8.986 ; 8.986 ; 8.986 ;
; SW[6]      ; HEX6[6]     ; 8.983 ; 8.983 ; 8.983 ; 8.983 ;
; SW[6]      ; HEX7[0]     ; 4.861 ; 4.833 ; 4.833 ; 4.861 ;
; SW[6]      ; HEX7[1]     ; 4.867 ; 4.706 ; 4.706 ; 4.867 ;
; SW[6]      ; HEX7[2]     ; 4.781 ; 4.753 ; 4.753 ; 4.781 ;
; SW[6]      ; HEX7[3]     ; 4.838 ; 4.810 ; 4.810 ; 4.838 ;
; SW[6]      ; HEX7[4]     ; 4.572 ; 4.572 ; 4.572 ; 4.572 ;
; SW[6]      ; HEX7[5]     ; 4.988 ; 4.960 ; 4.960 ; 4.988 ;
; SW[6]      ; HEX7[6]     ; 4.248 ; 4.283 ; 4.283 ; 4.248 ;
; SW[7]      ; HEX6[0]     ; 9.296 ; 9.296 ; 9.296 ; 9.296 ;
; SW[7]      ; HEX6[1]     ; 9.217 ; 9.217 ; 9.217 ; 9.217 ;
; SW[7]      ; HEX6[2]     ; 9.249 ; 9.249 ; 9.249 ; 9.249 ;
; SW[7]      ; HEX6[3]     ; 9.399 ; 9.399 ; 9.399 ; 9.399 ;
; SW[7]      ; HEX6[4]     ; 9.395 ; 9.395 ; 9.395 ; 9.395 ;
; SW[7]      ; HEX6[5]     ; 9.373 ; 9.373 ; 9.373 ; 9.373 ;
; SW[7]      ; HEX6[6]     ; 9.370 ; 9.370 ; 9.370 ; 9.370 ;
; SW[7]      ; HEX7[0]     ; 5.300 ; 4.854 ; 4.854 ; 5.300 ;
; SW[7]      ; HEX7[1]     ; 5.240 ;       ;       ; 5.240 ;
; SW[7]      ; HEX7[2]     ; 5.220 ; 4.774 ; 4.774 ; 5.220 ;
; SW[7]      ; HEX7[3]     ; 5.277 ; 4.831 ; 4.831 ; 5.277 ;
; SW[7]      ; HEX7[4]     ; 5.039 ; 4.593 ; 4.593 ; 5.039 ;
; SW[7]      ; HEX7[5]     ; 5.427 ; 4.981 ; 4.981 ; 5.427 ;
; SW[7]      ; HEX7[6]     ;       ; 4.627 ; 4.627 ;       ;
+------------+-------------+-------+-------+-------+-------+


+----------------------------------------------------------+
; Minimum Propagation Delay                                ;
+------------+-------------+-------+-------+-------+-------+
; Input Port ; Output Port ; RR    ; RF    ; FR    ; FF    ;
+------------+-------------+-------+-------+-------+-------+
; SW[0]      ; HEX6[0]     ; 3.718 ; 3.718 ; 3.718 ; 3.718 ;
; SW[0]      ; HEX6[1]     ; 3.650 ; 3.650 ; 3.650 ; 3.650 ;
; SW[0]      ; HEX6[2]     ;       ; 3.676 ; 3.676 ;       ;
; SW[0]      ; HEX6[3]     ; 3.827 ; 3.827 ; 3.827 ; 3.827 ;
; SW[0]      ; HEX6[4]     ; 3.826 ;       ;       ; 3.826 ;
; SW[0]      ; HEX6[5]     ; 3.804 ;       ;       ; 3.804 ;
; SW[0]      ; HEX6[6]     ; 3.802 ;       ;       ; 3.802 ;
; SW[0]      ; HEX7[0]     ; 4.588 ; 4.429 ; 4.429 ; 4.588 ;
; SW[0]      ; HEX7[1]     ; 4.766 ; 4.353 ; 4.353 ; 4.766 ;
; SW[0]      ; HEX7[2]     ; 4.508 ; 4.621 ; 4.621 ; 4.508 ;
; SW[0]      ; HEX7[3]     ; 4.565 ; 4.329 ; 4.329 ; 4.565 ;
; SW[0]      ; HEX7[4]     ; 4.821 ; 4.408 ; 4.408 ; 4.821 ;
; SW[0]      ; HEX7[5]     ; 4.715 ; 4.828 ; 4.828 ; 4.715 ;
; SW[1]      ; HEX6[0]     ; 4.329 ; 4.329 ; 4.329 ; 4.329 ;
; SW[1]      ; HEX6[1]     ; 4.261 ; 4.261 ; 4.261 ; 4.261 ;
; SW[1]      ; HEX6[2]     ; 4.287 ; 4.791 ; 4.791 ; 4.287 ;
; SW[1]      ; HEX6[3]     ; 4.438 ; 4.438 ; 4.438 ; 4.438 ;
; SW[1]      ; HEX6[4]     ; 4.435 ; 4.435 ; 4.435 ; 4.435 ;
; SW[1]      ; HEX6[5]     ; 4.414 ; 4.918 ; 4.918 ; 4.414 ;
; SW[1]      ; HEX6[6]     ; 4.413 ; 4.413 ; 4.413 ; 4.413 ;
; SW[1]      ; HEX7[0]     ; 4.565 ; 4.369 ; 4.369 ; 4.565 ;
; SW[1]      ; HEX7[1]     ; 4.465 ; 4.293 ; 4.293 ; 4.465 ;
; SW[1]      ; HEX7[2]     ; 4.609 ; 4.508 ; 4.508 ; 4.609 ;
; SW[1]      ; HEX7[3]     ; 4.201 ; 4.201 ; 4.201 ; 4.201 ;
; SW[1]      ; HEX7[4]     ; 4.651 ; 4.348 ; 4.348 ; 4.651 ;
; SW[1]      ; HEX7[5]     ; 4.678 ; 4.768 ; 4.768 ; 4.678 ;
; SW[1]      ; HEX7[6]     ; 4.641 ; 4.593 ; 4.593 ; 4.641 ;
; SW[2]      ; HEX6[0]     ; 4.715 ; 4.715 ; 4.715 ; 4.715 ;
; SW[2]      ; HEX6[1]     ; 4.646 ; 4.809 ; 4.809 ; 4.646 ;
; SW[2]      ; HEX6[2]     ; 4.670 ; 4.670 ; 4.670 ; 4.670 ;
; SW[2]      ; HEX6[3]     ; 4.824 ; 4.824 ; 4.824 ; 4.824 ;
; SW[2]      ; HEX6[4]     ; 4.820 ; 4.983 ; 4.983 ; 4.820 ;
; SW[2]      ; HEX6[5]     ; 4.797 ; 4.797 ; 4.797 ; 4.797 ;
; SW[2]      ; HEX6[6]     ; 4.796 ; 4.796 ; 4.796 ; 4.796 ;
; SW[2]      ; HEX7[0]     ; 4.562 ; 4.562 ; 4.562 ; 4.562 ;
; SW[2]      ; HEX7[1]     ; 4.528 ; 4.584 ; 4.584 ; 4.528 ;
; SW[2]      ; HEX7[2]     ; 4.482 ; 4.482 ; 4.482 ; 4.482 ;
; SW[2]      ; HEX7[3]     ; 4.331 ; 4.331 ; 4.331 ; 4.331 ;
; SW[2]      ; HEX7[4]     ; 4.524 ; 4.524 ; 4.524 ; 4.524 ;
; SW[2]      ; HEX7[5]     ; 4.549 ; 4.689 ; 4.689 ; 4.549 ;
; SW[2]      ; HEX7[6]     ; 4.706 ; 4.656 ; 4.656 ; 4.706 ;
; SW[3]      ; HEX6[0]     ; 4.600 ; 4.600 ; 4.600 ; 4.600 ;
; SW[3]      ; HEX6[1]     ; 4.521 ; 4.743 ; 4.743 ; 4.521 ;
; SW[3]      ; HEX6[2]     ; 4.553 ; 4.775 ; 4.775 ; 4.553 ;
; SW[3]      ; HEX6[3]     ; 4.703 ; 4.925 ; 4.925 ; 4.703 ;
; SW[3]      ; HEX6[4]     ; 4.699 ; 4.921 ; 4.921 ; 4.699 ;
; SW[3]      ; HEX6[5]     ; 4.677 ; 4.677 ; 4.677 ; 4.677 ;
; SW[3]      ; HEX6[6]     ; 4.896 ; 4.674 ; 4.674 ; 4.896 ;
; SW[3]      ; HEX7[0]     ; 4.562 ; 4.562 ; 4.562 ; 4.562 ;
; SW[3]      ; HEX7[1]     ; 4.730 ; 4.801 ; 4.801 ; 4.730 ;
; SW[3]      ; HEX7[2]     ; 4.482 ; 4.482 ; 4.482 ; 4.482 ;
; SW[3]      ; HEX7[3]     ; 4.246 ; 4.246 ; 4.246 ; 4.246 ;
; SW[3]      ; HEX7[4]     ; 4.301 ; 4.301 ; 4.301 ; 4.301 ;
; SW[3]      ; HEX7[5]     ; 4.689 ; 4.689 ; 4.689 ; 4.689 ;
; SW[3]      ; HEX7[6]     ; 4.910 ; 4.858 ; 4.858 ; 4.910 ;
; SW[4]      ; HEX6[0]     ; 5.448 ; 5.448 ; 5.448 ; 5.448 ;
; SW[4]      ; HEX6[1]     ; 5.369 ; 5.369 ; 5.369 ; 5.369 ;
; SW[4]      ; HEX6[2]     ; 5.401 ; 5.401 ; 5.401 ; 5.401 ;
; SW[4]      ; HEX6[3]     ; 5.551 ; 5.551 ; 5.551 ; 5.551 ;
; SW[4]      ; HEX6[4]     ; 5.547 ; 5.547 ; 5.547 ; 5.547 ;
; SW[4]      ; HEX6[5]     ; 5.525 ; 5.525 ; 5.525 ; 5.525 ;
; SW[4]      ; HEX6[6]     ; 5.522 ; 5.522 ; 5.522 ; 5.522 ;
; SW[4]      ; HEX7[0]     ; 4.672 ; 4.314 ; 4.314 ; 4.672 ;
; SW[4]      ; HEX7[1]     ; 4.430 ; 4.238 ; 4.238 ; 4.430 ;
; SW[4]      ; HEX7[2]     ; 4.581 ; 4.262 ; 4.262 ; 4.581 ;
; SW[4]      ; HEX7[3]     ; 4.308 ; 4.214 ; 4.214 ; 4.308 ;
; SW[4]      ; HEX7[4]     ; 4.607 ; 4.293 ; 4.293 ; 4.607 ;
; SW[4]      ; HEX7[5]     ; 4.627 ; 4.469 ; 4.469 ; 4.627 ;
; SW[4]      ; HEX7[6]     ; 5.083 ; 4.551 ; 4.551 ; 5.083 ;
; SW[5]      ; HEX6[0]     ; 5.521 ; 5.521 ; 5.521 ; 5.521 ;
; SW[5]      ; HEX6[1]     ; 5.442 ; 5.599 ; 5.599 ; 5.442 ;
; SW[5]      ; HEX6[2]     ; 5.474 ; 5.631 ; 5.631 ; 5.474 ;
; SW[5]      ; HEX6[3]     ; 5.624 ; 5.781 ; 5.781 ; 5.624 ;
; SW[5]      ; HEX6[4]     ; 5.620 ; 5.777 ; 5.777 ; 5.620 ;
; SW[5]      ; HEX6[5]     ; 5.598 ; 5.598 ; 5.598 ; 5.598 ;
; SW[5]      ; HEX6[6]     ; 5.752 ; 5.595 ; 5.595 ; 5.752 ;
; SW[5]      ; HEX7[0]     ; 4.276 ; 4.190 ; 4.190 ; 4.276 ;
; SW[5]      ; HEX7[1]     ; 4.200 ; 4.503 ; 4.503 ; 4.200 ;
; SW[5]      ; HEX7[2]     ; 4.328 ; 4.110 ; 4.110 ; 4.328 ;
; SW[5]      ; HEX7[3]     ; 4.036 ; 4.036 ; 4.036 ; 4.036 ;
; SW[5]      ; HEX7[4]     ; 4.255 ; 4.595 ; 4.595 ; 4.255 ;
; SW[5]      ; HEX7[5]     ; 4.617 ; 4.271 ; 4.271 ; 4.617 ;
; SW[5]      ; HEX7[6]     ;       ; 4.315 ; 4.315 ;       ;
; SW[6]      ; HEX6[0]     ; 5.369 ; 5.369 ; 5.369 ; 5.369 ;
; SW[6]      ; HEX6[1]     ; 5.290 ; 5.290 ; 5.290 ; 5.290 ;
; SW[6]      ; HEX6[2]     ; 5.322 ; 5.322 ; 5.322 ; 5.322 ;
; SW[6]      ; HEX6[3]     ; 5.472 ; 5.472 ; 5.472 ; 5.472 ;
; SW[6]      ; HEX6[4]     ; 5.468 ; 5.468 ; 5.468 ; 5.468 ;
; SW[6]      ; HEX6[5]     ; 5.446 ; 5.446 ; 5.446 ; 5.446 ;
; SW[6]      ; HEX6[6]     ; 5.443 ; 5.443 ; 5.443 ; 5.443 ;
; SW[6]      ; HEX7[0]     ; 4.289 ; 4.273 ; 4.273 ; 4.289 ;
; SW[6]      ; HEX7[1]     ; 4.042 ; 4.042 ; 4.042 ; 4.042 ;
; SW[6]      ; HEX7[2]     ; 4.004 ; 4.371 ; 4.371 ; 4.004 ;
; SW[6]      ; HEX7[3]     ; 4.126 ; 4.572 ; 4.572 ; 4.126 ;
; SW[6]      ; HEX7[4]     ; 4.334 ; 4.334 ; 4.334 ; 4.334 ;
; SW[6]      ; HEX7[5]     ; 4.050 ; 4.180 ; 4.180 ; 4.050 ;
; SW[6]      ; HEX7[6]     ; 4.248 ; 4.155 ; 4.155 ; 4.248 ;
; SW[7]      ; HEX6[0]     ; 6.245 ; 6.245 ; 6.245 ; 6.245 ;
; SW[7]      ; HEX6[1]     ; 6.177 ; 6.177 ; 6.177 ; 6.177 ;
; SW[7]      ; HEX6[2]     ; 6.203 ; 6.203 ; 6.203 ; 6.203 ;
; SW[7]      ; HEX6[3]     ; 6.354 ; 6.354 ; 6.354 ; 6.354 ;
; SW[7]      ; HEX6[4]     ; 6.351 ; 6.351 ; 6.351 ; 6.351 ;
; SW[7]      ; HEX6[5]     ; 6.330 ; 6.330 ; 6.330 ; 6.330 ;
; SW[7]      ; HEX6[6]     ; 6.329 ; 6.329 ; 6.329 ; 6.329 ;
; SW[7]      ; HEX7[0]     ; 4.414 ; 4.854 ; 4.854 ; 4.414 ;
; SW[7]      ; HEX7[1]     ; 4.509 ;       ;       ; 4.509 ;
; SW[7]      ; HEX7[2]     ; 4.276 ; 4.774 ; 4.774 ; 4.276 ;
; SW[7]      ; HEX7[3]     ; 4.391 ; 4.831 ; 4.831 ; 4.391 ;
; SW[7]      ; HEX7[4]     ; 4.593 ; 4.593 ; 4.593 ; 4.593 ;
; SW[7]      ; HEX7[5]     ; 4.327 ; 4.981 ; 4.981 ; 4.327 ;
; SW[7]      ; HEX7[6]     ;       ; 4.464 ; 4.464 ;       ;
+------------+-------------+-------+-------+-------+-------+


+----------------------------------------------------------------------------+
; Multicorner Timing Analysis Summary                                        ;
+------------------+-------+------+----------+---------+---------------------+
; Clock            ; Setup ; Hold ; Recovery ; Removal ; Minimum Pulse Width ;
+------------------+-------+------+----------+---------+---------------------+
; Worst-case Slack ; N/A   ; N/A  ; N/A      ; N/A     ; N/A                 ;
; Design-wide TNS  ; 0.0   ; 0.0  ; 0.0      ; 0.0     ; 0.0                 ;
+------------------+-------+------+----------+---------+---------------------+


+--------------------------------------------------------------+
; Progagation Delay                                            ;
+------------+-------------+--------+--------+--------+--------+
; Input Port ; Output Port ; RR     ; RF     ; FR     ; FF     ;
+------------+-------------+--------+--------+--------+--------+
; SW[0]      ; HEX6[0]     ; 7.228  ; 7.228  ; 7.228  ; 7.228  ;
; SW[0]      ; HEX6[1]     ; 7.101  ; 7.101  ; 7.101  ; 7.101  ;
; SW[0]      ; HEX6[2]     ;        ; 7.134  ; 7.134  ;        ;
; SW[0]      ; HEX6[3]     ; 7.367  ; 7.367  ; 7.367  ; 7.367  ;
; SW[0]      ; HEX6[4]     ; 7.337  ;        ;        ; 7.337  ;
; SW[0]      ; HEX6[5]     ; 7.341  ;        ;        ; 7.341  ;
; SW[0]      ; HEX6[6]     ; 7.341  ;        ;        ; 7.341  ;
; SW[0]      ; HEX7[0]     ; 9.743  ; 9.403  ; 9.403  ; 9.743  ;
; SW[0]      ; HEX7[1]     ; 9.542  ; 8.567  ; 8.567  ; 9.542  ;
; SW[0]      ; HEX7[2]     ; 9.016  ; 9.176  ; 9.176  ; 9.016  ;
; SW[0]      ; HEX7[3]     ; 9.523  ; 9.387  ; 9.387  ; 9.523  ;
; SW[0]      ; HEX7[4]     ; 9.711  ; 8.736  ; 8.736  ; 9.711  ;
; SW[0]      ; HEX7[5]     ; 9.528  ; 9.688  ; 9.688  ; 9.528  ;
; SW[1]      ; HEX6[0]     ; 11.062 ; 11.062 ; 11.062 ; 11.062 ;
; SW[1]      ; HEX6[1]     ; 10.929 ; 10.929 ; 10.929 ; 10.929 ;
; SW[1]      ; HEX6[2]     ; 10.971 ; 10.971 ; 10.971 ; 10.971 ;
; SW[1]      ; HEX6[3]     ; 11.202 ; 11.202 ; 11.202 ; 11.202 ;
; SW[1]      ; HEX6[4]     ; 11.199 ; 11.199 ; 11.199 ; 11.199 ;
; SW[1]      ; HEX6[5]     ; 11.176 ; 11.176 ; 11.176 ; 11.176 ;
; SW[1]      ; HEX6[6]     ; 11.170 ; 11.170 ; 11.170 ; 11.170 ;
; SW[1]      ; HEX7[0]     ; 10.726 ; 10.239 ; 10.239 ; 10.726 ;
; SW[1]      ; HEX7[1]     ; 9.966  ; 11.112 ; 11.112 ; 9.966  ;
; SW[1]      ; HEX7[2]     ; 10.499 ; 10.463 ; 10.463 ; 10.499 ;
; SW[1]      ; HEX7[3]     ; 10.710 ; 9.915  ; 9.915  ; 10.710 ;
; SW[1]      ; HEX7[4]     ; 10.165 ; 9.370  ; 9.370  ; 10.165 ;
; SW[1]      ; HEX7[5]     ; 11.011 ; 10.216 ; 10.216 ; 11.011 ;
; SW[1]      ; HEX7[6]     ; 9.379  ; 9.109  ; 9.109  ; 9.379  ;
; SW[2]      ; HEX6[0]     ; 13.304 ; 13.304 ; 13.304 ; 13.304 ;
; SW[2]      ; HEX6[1]     ; 13.171 ; 13.171 ; 13.171 ; 13.171 ;
; SW[2]      ; HEX6[2]     ; 13.213 ; 13.213 ; 13.213 ; 13.213 ;
; SW[2]      ; HEX6[3]     ; 13.444 ; 13.444 ; 13.444 ; 13.444 ;
; SW[2]      ; HEX6[4]     ; 13.441 ; 13.441 ; 13.441 ; 13.441 ;
; SW[2]      ; HEX6[5]     ; 13.418 ; 13.418 ; 13.418 ; 13.418 ;
; SW[2]      ; HEX6[6]     ; 13.412 ; 13.412 ; 13.412 ; 13.412 ;
; SW[2]      ; HEX7[0]     ; 10.874 ; 10.387 ; 10.387 ; 10.874 ;
; SW[2]      ; HEX7[1]     ; 10.352 ; 11.260 ; 11.260 ; 10.352 ;
; SW[2]      ; HEX7[2]     ; 10.647 ; 10.611 ; 10.611 ; 10.647 ;
; SW[2]      ; HEX7[3]     ; 10.858 ; 9.928  ; 9.928  ; 10.858 ;
; SW[2]      ; HEX7[4]     ; 10.313 ; 9.610  ; 9.610  ; 10.313 ;
; SW[2]      ; HEX7[5]     ; 11.159 ; 10.229 ; 10.229 ; 11.159 ;
; SW[2]      ; HEX7[6]     ; 9.515  ; 9.515  ; 9.515  ; 9.515  ;
; SW[3]      ; HEX6[0]     ; 15.028 ; 15.028 ; 15.028 ; 15.028 ;
; SW[3]      ; HEX6[1]     ; 14.895 ; 14.895 ; 14.895 ; 14.895 ;
; SW[3]      ; HEX6[2]     ; 14.937 ; 14.937 ; 14.937 ; 14.937 ;
; SW[3]      ; HEX6[3]     ; 15.168 ; 15.168 ; 15.168 ; 15.168 ;
; SW[3]      ; HEX6[4]     ; 15.165 ; 15.165 ; 15.165 ; 15.165 ;
; SW[3]      ; HEX6[5]     ; 15.142 ; 15.142 ; 15.142 ; 15.142 ;
; SW[3]      ; HEX6[6]     ; 15.136 ; 15.136 ; 15.136 ; 15.136 ;
; SW[3]      ; HEX7[0]     ; 11.253 ; 10.766 ; 10.766 ; 11.253 ;
; SW[3]      ; HEX7[1]     ; 10.688 ; 11.639 ; 11.639 ; 10.688 ;
; SW[3]      ; HEX7[2]     ; 11.026 ; 10.990 ; 10.990 ; 11.026 ;
; SW[3]      ; HEX7[3]     ; 11.237 ; 10.362 ; 10.362 ; 11.237 ;
; SW[3]      ; HEX7[4]     ; 10.692 ; 9.993  ; 9.993  ; 10.692 ;
; SW[3]      ; HEX7[5]     ; 11.538 ; 10.663 ; 10.663 ; 11.538 ;
; SW[3]      ; HEX7[6]     ; 9.926  ; 9.926  ; 9.926  ; 9.926  ;
; SW[4]      ; HEX6[0]     ; 17.383 ; 17.383 ; 17.383 ; 17.383 ;
; SW[4]      ; HEX6[1]     ; 17.250 ; 17.250 ; 17.250 ; 17.250 ;
; SW[4]      ; HEX6[2]     ; 17.292 ; 17.292 ; 17.292 ; 17.292 ;
; SW[4]      ; HEX6[3]     ; 17.523 ; 17.523 ; 17.523 ; 17.523 ;
; SW[4]      ; HEX6[4]     ; 17.520 ; 17.520 ; 17.520 ; 17.520 ;
; SW[4]      ; HEX6[5]     ; 17.497 ; 17.497 ; 17.497 ; 17.497 ;
; SW[4]      ; HEX6[6]     ; 17.491 ; 17.491 ; 17.491 ; 17.491 ;
; SW[4]      ; HEX7[0]     ; 10.567 ; 10.567 ; 10.567 ; 10.567 ;
; SW[4]      ; HEX7[1]     ; 11.176 ; 11.227 ; 11.227 ; 11.176 ;
; SW[4]      ; HEX7[2]     ; 10.527 ; 10.578 ; 10.578 ; 10.527 ;
; SW[4]      ; HEX7[3]     ; 10.551 ; 10.551 ; 10.551 ; 10.551 ;
; SW[4]      ; HEX7[4]     ; 10.006 ; 10.006 ; 10.006 ; 10.006 ;
; SW[4]      ; HEX7[5]     ; 10.852 ; 10.852 ; 10.852 ; 10.852 ;
; SW[4]      ; HEX7[6]     ; 10.207 ; 10.207 ; 10.207 ; 10.207 ;
; SW[5]      ; HEX6[0]     ; 19.701 ; 19.701 ; 19.701 ; 19.701 ;
; SW[5]      ; HEX6[1]     ; 19.568 ; 19.568 ; 19.568 ; 19.568 ;
; SW[5]      ; HEX6[2]     ; 19.610 ; 19.610 ; 19.610 ; 19.610 ;
; SW[5]      ; HEX6[3]     ; 19.841 ; 19.841 ; 19.841 ; 19.841 ;
; SW[5]      ; HEX6[4]     ; 19.838 ; 19.838 ; 19.838 ; 19.838 ;
; SW[5]      ; HEX6[5]     ; 19.815 ; 19.815 ; 19.815 ; 19.815 ;
; SW[5]      ; HEX6[6]     ; 19.809 ; 19.809 ; 19.809 ; 19.809 ;
; SW[5]      ; HEX7[0]     ; 10.888 ; 9.814  ; 9.814  ; 10.888 ;
; SW[5]      ; HEX7[1]     ; 10.332 ; 10.451 ; 10.451 ; 10.332 ;
; SW[5]      ; HEX7[2]     ; 10.661 ; 9.802  ; 9.802  ; 10.661 ;
; SW[5]      ; HEX7[3]     ; 10.872 ; 9.798  ; 9.798  ; 10.872 ;
; SW[5]      ; HEX7[4]     ; 10.327 ; 9.253  ; 9.253  ; 10.327 ;
; SW[5]      ; HEX7[5]     ; 11.173 ; 10.099 ; 10.099 ; 11.173 ;
; SW[5]      ; HEX7[6]     ;        ; 9.301  ; 9.301  ;        ;
; SW[6]      ; HEX6[0]     ; 19.250 ; 19.250 ; 19.250 ; 19.250 ;
; SW[6]      ; HEX6[1]     ; 19.117 ; 19.117 ; 19.117 ; 19.117 ;
; SW[6]      ; HEX6[2]     ; 19.159 ; 19.159 ; 19.159 ; 19.159 ;
; SW[6]      ; HEX6[3]     ; 19.390 ; 19.390 ; 19.390 ; 19.390 ;
; SW[6]      ; HEX6[4]     ; 19.387 ; 19.387 ; 19.387 ; 19.387 ;
; SW[6]      ; HEX6[5]     ; 19.364 ; 19.364 ; 19.364 ; 19.364 ;
; SW[6]      ; HEX6[6]     ; 19.358 ; 19.358 ; 19.358 ; 19.358 ;
; SW[6]      ; HEX7[0]     ; 9.811  ; 9.779  ; 9.779  ; 9.811  ;
; SW[6]      ; HEX7[1]     ; 9.798  ; 9.451  ; 9.451  ; 9.798  ;
; SW[6]      ; HEX7[2]     ; 9.584  ; 9.552  ; 9.552  ; 9.584  ;
; SW[6]      ; HEX7[3]     ; 9.795  ; 9.763  ; 9.763  ; 9.795  ;
; SW[6]      ; HEX7[4]     ; 9.218  ; 9.218  ; 9.218  ; 9.218  ;
; SW[6]      ; HEX7[5]     ; 10.096 ; 10.064 ; 10.064 ; 10.096 ;
; SW[6]      ; HEX7[6]     ; 8.311  ; 8.476  ; 8.476  ; 8.311  ;
; SW[7]      ; HEX6[0]     ; 19.965 ; 19.965 ; 19.965 ; 19.965 ;
; SW[7]      ; HEX6[1]     ; 19.832 ; 19.832 ; 19.832 ; 19.832 ;
; SW[7]      ; HEX6[2]     ; 19.874 ; 19.874 ; 19.874 ; 19.874 ;
; SW[7]      ; HEX6[3]     ; 20.105 ; 20.105 ; 20.105 ; 20.105 ;
; SW[7]      ; HEX6[4]     ; 20.102 ; 20.102 ; 20.102 ; 20.102 ;
; SW[7]      ; HEX6[5]     ; 20.079 ; 20.079 ; 20.079 ; 20.079 ;
; SW[7]      ; HEX6[6]     ; 20.073 ; 20.073 ; 20.073 ; 20.073 ;
; SW[7]      ; HEX7[0]     ; 10.742 ; 9.766  ; 9.766  ; 10.742 ;
; SW[7]      ; HEX7[1]     ; 10.527 ;        ;        ; 10.527 ;
; SW[7]      ; HEX7[2]     ; 10.515 ; 9.539  ; 9.539  ; 10.515 ;
; SW[7]      ; HEX7[3]     ; 10.726 ; 9.750  ; 9.750  ; 10.726 ;
; SW[7]      ; HEX7[4]     ; 10.181 ; 9.205  ; 9.205  ; 10.181 ;
; SW[7]      ; HEX7[5]     ; 11.027 ; 10.051 ; 10.051 ; 11.027 ;
; SW[7]      ; HEX7[6]     ;        ; 9.155  ; 9.155  ;        ;
+------------+-------------+--------+--------+--------+--------+


+----------------------------------------------------------+
; Minimum Progagation Delay                                ;
+------------+-------------+-------+-------+-------+-------+
; Input Port ; Output Port ; RR    ; RF    ; FR    ; FF    ;
+------------+-------------+-------+-------+-------+-------+
; SW[0]      ; HEX6[0]     ; 3.718 ; 3.718 ; 3.718 ; 3.718 ;
; SW[0]      ; HEX6[1]     ; 3.650 ; 3.650 ; 3.650 ; 3.650 ;
; SW[0]      ; HEX6[2]     ;       ; 3.676 ; 3.676 ;       ;
; SW[0]      ; HEX6[3]     ; 3.827 ; 3.827 ; 3.827 ; 3.827 ;
; SW[0]      ; HEX6[4]     ; 3.826 ;       ;       ; 3.826 ;
; SW[0]      ; HEX6[5]     ; 3.804 ;       ;       ; 3.804 ;
; SW[0]      ; HEX6[6]     ; 3.802 ;       ;       ; 3.802 ;
; SW[0]      ; HEX7[0]     ; 4.588 ; 4.429 ; 4.429 ; 4.588 ;
; SW[0]      ; HEX7[1]     ; 4.766 ; 4.353 ; 4.353 ; 4.766 ;
; SW[0]      ; HEX7[2]     ; 4.508 ; 4.621 ; 4.621 ; 4.508 ;
; SW[0]      ; HEX7[3]     ; 4.565 ; 4.329 ; 4.329 ; 4.565 ;
; SW[0]      ; HEX7[4]     ; 4.821 ; 4.408 ; 4.408 ; 4.821 ;
; SW[0]      ; HEX7[5]     ; 4.715 ; 4.828 ; 4.828 ; 4.715 ;
; SW[1]      ; HEX6[0]     ; 4.329 ; 4.329 ; 4.329 ; 4.329 ;
; SW[1]      ; HEX6[1]     ; 4.261 ; 4.261 ; 4.261 ; 4.261 ;
; SW[1]      ; HEX6[2]     ; 4.287 ; 4.791 ; 4.791 ; 4.287 ;
; SW[1]      ; HEX6[3]     ; 4.438 ; 4.438 ; 4.438 ; 4.438 ;
; SW[1]      ; HEX6[4]     ; 4.435 ; 4.435 ; 4.435 ; 4.435 ;
; SW[1]      ; HEX6[5]     ; 4.414 ; 4.918 ; 4.918 ; 4.414 ;
; SW[1]      ; HEX6[6]     ; 4.413 ; 4.413 ; 4.413 ; 4.413 ;
; SW[1]      ; HEX7[0]     ; 4.565 ; 4.369 ; 4.369 ; 4.565 ;
; SW[1]      ; HEX7[1]     ; 4.465 ; 4.293 ; 4.293 ; 4.465 ;
; SW[1]      ; HEX7[2]     ; 4.609 ; 4.508 ; 4.508 ; 4.609 ;
; SW[1]      ; HEX7[3]     ; 4.201 ; 4.201 ; 4.201 ; 4.201 ;
; SW[1]      ; HEX7[4]     ; 4.651 ; 4.348 ; 4.348 ; 4.651 ;
; SW[1]      ; HEX7[5]     ; 4.678 ; 4.768 ; 4.768 ; 4.678 ;
; SW[1]      ; HEX7[6]     ; 4.641 ; 4.593 ; 4.593 ; 4.641 ;
; SW[2]      ; HEX6[0]     ; 4.715 ; 4.715 ; 4.715 ; 4.715 ;
; SW[2]      ; HEX6[1]     ; 4.646 ; 4.809 ; 4.809 ; 4.646 ;
; SW[2]      ; HEX6[2]     ; 4.670 ; 4.670 ; 4.670 ; 4.670 ;
; SW[2]      ; HEX6[3]     ; 4.824 ; 4.824 ; 4.824 ; 4.824 ;
; SW[2]      ; HEX6[4]     ; 4.820 ; 4.983 ; 4.983 ; 4.820 ;
; SW[2]      ; HEX6[5]     ; 4.797 ; 4.797 ; 4.797 ; 4.797 ;
; SW[2]      ; HEX6[6]     ; 4.796 ; 4.796 ; 4.796 ; 4.796 ;
; SW[2]      ; HEX7[0]     ; 4.562 ; 4.562 ; 4.562 ; 4.562 ;
; SW[2]      ; HEX7[1]     ; 4.528 ; 4.584 ; 4.584 ; 4.528 ;
; SW[2]      ; HEX7[2]     ; 4.482 ; 4.482 ; 4.482 ; 4.482 ;
; SW[2]      ; HEX7[3]     ; 4.331 ; 4.331 ; 4.331 ; 4.331 ;
; SW[2]      ; HEX7[4]     ; 4.524 ; 4.524 ; 4.524 ; 4.524 ;
; SW[2]      ; HEX7[5]     ; 4.549 ; 4.689 ; 4.689 ; 4.549 ;
; SW[2]      ; HEX7[6]     ; 4.706 ; 4.656 ; 4.656 ; 4.706 ;
; SW[3]      ; HEX6[0]     ; 4.600 ; 4.600 ; 4.600 ; 4.600 ;
; SW[3]      ; HEX6[1]     ; 4.521 ; 4.743 ; 4.743 ; 4.521 ;
; SW[3]      ; HEX6[2]     ; 4.553 ; 4.775 ; 4.775 ; 4.553 ;
; SW[3]      ; HEX6[3]     ; 4.703 ; 4.925 ; 4.925 ; 4.703 ;
; SW[3]      ; HEX6[4]     ; 4.699 ; 4.921 ; 4.921 ; 4.699 ;
; SW[3]      ; HEX6[5]     ; 4.677 ; 4.677 ; 4.677 ; 4.677 ;
; SW[3]      ; HEX6[6]     ; 4.896 ; 4.674 ; 4.674 ; 4.896 ;
; SW[3]      ; HEX7[0]     ; 4.562 ; 4.562 ; 4.562 ; 4.562 ;
; SW[3]      ; HEX7[1]     ; 4.730 ; 4.801 ; 4.801 ; 4.730 ;
; SW[3]      ; HEX7[2]     ; 4.482 ; 4.482 ; 4.482 ; 4.482 ;
; SW[3]      ; HEX7[3]     ; 4.246 ; 4.246 ; 4.246 ; 4.246 ;
; SW[3]      ; HEX7[4]     ; 4.301 ; 4.301 ; 4.301 ; 4.301 ;
; SW[3]      ; HEX7[5]     ; 4.689 ; 4.689 ; 4.689 ; 4.689 ;
; SW[3]      ; HEX7[6]     ; 4.910 ; 4.858 ; 4.858 ; 4.910 ;
; SW[4]      ; HEX6[0]     ; 5.448 ; 5.448 ; 5.448 ; 5.448 ;
; SW[4]      ; HEX6[1]     ; 5.369 ; 5.369 ; 5.369 ; 5.369 ;
; SW[4]      ; HEX6[2]     ; 5.401 ; 5.401 ; 5.401 ; 5.401 ;
; SW[4]      ; HEX6[3]     ; 5.551 ; 5.551 ; 5.551 ; 5.551 ;
; SW[4]      ; HEX6[4]     ; 5.547 ; 5.547 ; 5.547 ; 5.547 ;
; SW[4]      ; HEX6[5]     ; 5.525 ; 5.525 ; 5.525 ; 5.525 ;
; SW[4]      ; HEX6[6]     ; 5.522 ; 5.522 ; 5.522 ; 5.522 ;
; SW[4]      ; HEX7[0]     ; 4.672 ; 4.314 ; 4.314 ; 4.672 ;
; SW[4]      ; HEX7[1]     ; 4.430 ; 4.238 ; 4.238 ; 4.430 ;
; SW[4]      ; HEX7[2]     ; 4.581 ; 4.262 ; 4.262 ; 4.581 ;
; SW[4]      ; HEX7[3]     ; 4.308 ; 4.214 ; 4.214 ; 4.308 ;
; SW[4]      ; HEX7[4]     ; 4.607 ; 4.293 ; 4.293 ; 4.607 ;
; SW[4]      ; HEX7[5]     ; 4.627 ; 4.469 ; 4.469 ; 4.627 ;
; SW[4]      ; HEX7[6]     ; 5.083 ; 4.551 ; 4.551 ; 5.083 ;
; SW[5]      ; HEX6[0]     ; 5.521 ; 5.521 ; 5.521 ; 5.521 ;
; SW[5]      ; HEX6[1]     ; 5.442 ; 5.599 ; 5.599 ; 5.442 ;
; SW[5]      ; HEX6[2]     ; 5.474 ; 5.631 ; 5.631 ; 5.474 ;
; SW[5]      ; HEX6[3]     ; 5.624 ; 5.781 ; 5.781 ; 5.624 ;
; SW[5]      ; HEX6[4]     ; 5.620 ; 5.777 ; 5.777 ; 5.620 ;
; SW[5]      ; HEX6[5]     ; 5.598 ; 5.598 ; 5.598 ; 5.598 ;
; SW[5]      ; HEX6[6]     ; 5.752 ; 5.595 ; 5.595 ; 5.752 ;
; SW[5]      ; HEX7[0]     ; 4.276 ; 4.190 ; 4.190 ; 4.276 ;
; SW[5]      ; HEX7[1]     ; 4.200 ; 4.503 ; 4.503 ; 4.200 ;
; SW[5]      ; HEX7[2]     ; 4.328 ; 4.110 ; 4.110 ; 4.328 ;
; SW[5]      ; HEX7[3]     ; 4.036 ; 4.036 ; 4.036 ; 4.036 ;
; SW[5]      ; HEX7[4]     ; 4.255 ; 4.595 ; 4.595 ; 4.255 ;
; SW[5]      ; HEX7[5]     ; 4.617 ; 4.271 ; 4.271 ; 4.617 ;
; SW[5]      ; HEX7[6]     ;       ; 4.315 ; 4.315 ;       ;
; SW[6]      ; HEX6[0]     ; 5.369 ; 5.369 ; 5.369 ; 5.369 ;
; SW[6]      ; HEX6[1]     ; 5.290 ; 5.290 ; 5.290 ; 5.290 ;
; SW[6]      ; HEX6[2]     ; 5.322 ; 5.322 ; 5.322 ; 5.322 ;
; SW[6]      ; HEX6[3]     ; 5.472 ; 5.472 ; 5.472 ; 5.472 ;
; SW[6]      ; HEX6[4]     ; 5.468 ; 5.468 ; 5.468 ; 5.468 ;
; SW[6]      ; HEX6[5]     ; 5.446 ; 5.446 ; 5.446 ; 5.446 ;
; SW[6]      ; HEX6[6]     ; 5.443 ; 5.443 ; 5.443 ; 5.443 ;
; SW[6]      ; HEX7[0]     ; 4.289 ; 4.273 ; 4.273 ; 4.289 ;
; SW[6]      ; HEX7[1]     ; 4.042 ; 4.042 ; 4.042 ; 4.042 ;
; SW[6]      ; HEX7[2]     ; 4.004 ; 4.371 ; 4.371 ; 4.004 ;
; SW[6]      ; HEX7[3]     ; 4.126 ; 4.572 ; 4.572 ; 4.126 ;
; SW[6]      ; HEX7[4]     ; 4.334 ; 4.334 ; 4.334 ; 4.334 ;
; SW[6]      ; HEX7[5]     ; 4.050 ; 4.180 ; 4.180 ; 4.050 ;
; SW[6]      ; HEX7[6]     ; 4.248 ; 4.155 ; 4.155 ; 4.248 ;
; SW[7]      ; HEX6[0]     ; 6.245 ; 6.245 ; 6.245 ; 6.245 ;
; SW[7]      ; HEX6[1]     ; 6.177 ; 6.177 ; 6.177 ; 6.177 ;
; SW[7]      ; HEX6[2]     ; 6.203 ; 6.203 ; 6.203 ; 6.203 ;
; SW[7]      ; HEX6[3]     ; 6.354 ; 6.354 ; 6.354 ; 6.354 ;
; SW[7]      ; HEX6[4]     ; 6.351 ; 6.351 ; 6.351 ; 6.351 ;
; SW[7]      ; HEX6[5]     ; 6.330 ; 6.330 ; 6.330 ; 6.330 ;
; SW[7]      ; HEX6[6]     ; 6.329 ; 6.329 ; 6.329 ; 6.329 ;
; SW[7]      ; HEX7[0]     ; 4.414 ; 4.854 ; 4.854 ; 4.414 ;
; SW[7]      ; HEX7[1]     ; 4.509 ;       ;       ; 4.509 ;
; SW[7]      ; HEX7[2]     ; 4.276 ; 4.774 ; 4.774 ; 4.276 ;
; SW[7]      ; HEX7[3]     ; 4.391 ; 4.831 ; 4.831 ; 4.391 ;
; SW[7]      ; HEX7[4]     ; 4.593 ; 4.593 ; 4.593 ; 4.593 ;
; SW[7]      ; HEX7[5]     ; 4.327 ; 4.981 ; 4.981 ; 4.327 ;
; SW[7]      ; HEX7[6]     ;       ; 4.464 ; 4.464 ;       ;
+------------+-------------+-------+-------+-------+-------+


-------------------
; Clock Transfers ;
-------------------
Nothing to report.


---------------
; Report TCCS ;
---------------
No dedicated SERDES Transmitter circuitry present in device or used in design


---------------
; Report RSKM ;
---------------
No dedicated SERDES Receiver circuitry present in device or used in design


+------------------------------------------------+
; Unconstrained Paths                            ;
+---------------------------------+-------+------+
; Property                        ; Setup ; Hold ;
+---------------------------------+-------+------+
; Illegal Clocks                  ; 0     ; 0    ;
; Unconstrained Clocks            ; 0     ; 0    ;
; Unconstrained Input Ports       ; 8     ; 8    ;
; Unconstrained Input Port Paths  ; 127   ; 127  ;
; Unconstrained Output Ports      ; 42    ; 42   ;
; Unconstrained Output Port Paths ; 333   ; 333  ;
+---------------------------------+-------+------+


+------------------------------------+
; TimeQuest Timing Analyzer Messages ;
+------------------------------------+
Info: *******************************************************************
Info: Running Quartus II 64-Bit TimeQuest Timing Analyzer
    Info: Version 13.0.1 Build 232 06/12/2013 Service Pack 1 SJ Web Edition
    Info: Processing started: Thu Nov 14 16:33:25 2019
Info: Command: quartus_sta part5 -c part5
Info: qsta_default_script.tcl version: #1
Warning (20028): Parallel compilation is not licensed and has been disabled
Info (21077): Low junction temperature is 0 degrees C
Info (21077): High junction temperature is 85 degrees C
Warning (335093): TimeQuest Timing Analyzer is analyzing 24 combinational loops as latches.
Critical Warning (332012): Synopsys Design Constraints File file not found: 'part5.sdc'. A Synopsys Design Constraints File is required by the TimeQuest Timing Analyzer to get proper timing constraints. Without it, the Compiler will not properly optimize the design.
Info (332142): No user constrained base clocks found in the design. Calling "derive_clocks -period 1.0"
Info (332096): The command derive_clocks did not find any clocks to derive.  No clocks were created or changed.
Warning (332125): Found combinational loop of 2 nodes
    Warning (332126): Node "cont[1]~3|combout"
    Warning (332126): Node "cont[1]~3|datad"
Warning (332068): No clocks defined in design.
Info: Found TIMEQUEST_REPORT_SCRIPT_INCLUDE_DEFAULT_ANALYSIS = ON
Info (332159): No clocks to report
Info: Analyzing Slow Model
Info (332140): No fmax paths to report
Info (332140): No Setup paths to report
Info (332140): No Hold paths to report
Info (332140): No Recovery paths to report
Info (332140): No Removal paths to report
Info (332140): No Minimum Pulse Width paths to report
Info (332001): The selected device family is not supported by the report_metastability command.
Info: Analyzing Fast Model
Info (332142): No user constrained base clocks found in the design. Calling "derive_clocks -period 1.0"
Info (332096): The command derive_clocks did not find any clocks to derive.  No clocks were created or changed.
Warning (332068): No clocks defined in design.
Info (332140): No Setup paths to report
Info (332140): No Hold paths to report
Info (332140): No Recovery paths to report
Info (332140): No Removal paths to report
Info (332140): No Minimum Pulse Width paths to report
Info (332001): The selected device family is not supported by the report_metastability command.
Info (332102): Design is not fully constrained for setup requirements
Info (332102): Design is not fully constrained for hold requirements
Info: Quartus II 64-Bit TimeQuest Timing Analyzer was successful. 0 errors, 8 warnings
    Info: Peak virtual memory: 4562 megabytes
    Info: Processing ended: Thu Nov 14 16:33:26 2019
    Info: Elapsed time: 00:00:01
    Info: Total CPU time (on all processors): 00:00:01


